
> rpg-threejs@0.2.0 build
> tsc --noEmit && vite build

vite v6.1.0 building for production...
transforming...
✓ 165 modules transformed.
rendering chunks...
computing gzip size...
dist/index.html                                                0.72 kB │ gzip:   0.41 kB
dist/assets/vt323-latin-400-normal-JZdnI__-.woff               9.23 kB
dist/legacy-combat.html                                       10.08 kB │ gzip:   3.12 kB
dist/assets/cinzel-latin-500-normal-BQI1hJxy.woff2            14.60 kB
dist/assets/cinzel-latin-700-normal-Ca1xIpTQ.woff2            14.68 kB
dist/assets/cinzel-latin-600-normal-DdCmoF-5.woff2            14.78 kB
dist/assets/source-sans-3-latin-400-normal-D-qvVDfm.woff2     15.63 kB
dist/assets/source-sans-3-latin-600-normal-CJIMooLV.woff2     15.65 kB
dist/assets/cinzel-latin-500-normal-DVA-NKib.woff             17.07 kB
dist/assets/cinzel-latin-700-normal-DF3_tZ4d.woff             17.16 kB
dist/assets/cinzel-latin-600-normal-C4M8-_l5.woff             17.18 kB
dist/assets/vt323-latin-400-normal-C5q55ueI.woff2             17.67 kB
dist/assets/source-sans-3-latin-400-normal-BUqGJvNN.woff      19.94 kB
dist/assets/source-sans-3-latin-600-normal-BsKDx9fW.woff      19.95 kB
dist/assets/inter-latin-400-normal-BOOGhInR.woff2             23.69 kB
dist/assets/inter-latin-600-normal-D273HNI0.woff2             24.30 kB
dist/assets/inter-latin-700-normal-Sckx8rpT.woff2             24.35 kB
dist/assets/alegreya-latin-700-normal-C2gFIJRo.woff2          24.35 kB
dist/assets/inter-latin-500-normal-D2bGa7uu.woff2             24.37 kB
dist/assets/alegreya-latin-600-normal-ozPikY4z.woff2          24.48 kB
dist/assets/alegreya-latin-700-normal-kMR_CO_B.woff           29.72 kB
dist/assets/alegreya-latin-600-normal-CaDKSO8Q.woff           29.82 kB
dist/assets/inter-latin-400-normal-gitzw0hO.woff              31.20 kB
dist/assets/inter-latin-500-normal-deR1Tlfd.woff              31.77 kB
dist/assets/inter-latin-600-normal-B5cFAncS.woff              31.78 kB
dist/assets/inter-latin-700-normal-B8MtJ_2k.woff              31.83 kB
dist/assets/combat-r6AO2FvP.css                               80.45 kB │ gzip:  17.15 kB
dist/assets/game-D3zhCzc0.css                                175.05 kB │ gzip:  34.10 kB
dist/assets/three-postprocessing-DldD4cu8.js                  19.60 kB │ gzip:   4.95 kB
dist/assets/validation-mSkvzYyn.js                            60.37 kB │ gzip:  14.44 kB
dist/assets/assetManifest-M_h4m78p.js                        277.87 kB │ gzip:  62.79 kB
dist/assets/three-core-f0ajj1rG.js                           473.30 kB │ gzip: 119.72 kB
dist/assets/game-Bl_MjDkj.js                                 885.58 kB │ gzip: 134.08 kB
dist/assets/combat-8pNtJdrd.js                             2,646.62 kB │ gzip: 203.74 kB

(!) Some chunks are larger than 500 kB after minification. Consider:
- Using dynamic import() to code-split the application
- Use build.rollupOptions.output.manualChunks to improve chunking: https://rollupjs.org/configuration-options/#output-manualchunks
- Adjust chunk size limit for this warning via build.chunkSizeWarningLimit.
✓ built in 6.24s
